// Vitest Snapshot v1, https://vitest.dev/guide/snapshot.html

exports[`Notification > should render the component 1`] = `
<div
  class="notification is-success"
>
  <p
    class="content"
  />
</div>
`;
